[2026-09-23 23:04:44][b][c] [a[d] 
[2026-09-23 23:05:46][b][c] [a] [d] 
[2026-09-23 23:06:28] [b] [c] [a] [d] 
[2026-09-23 23:14:43] [a] [b] [c] [d] 
[2026-09-24 09:15:38] [a] [b] [c] [d] 
[2026-09-24 14:12:08] [a] [b] [c] [d] 
[2026-09-24 14:12:18] [a] [b] [c] [d] 
[2026-09-24 14:12:21] [a] [b] [c] [d] 
[2026-09-24 14:12:21] [INFO] [IPPPP] [azr] [Nouvel utilisateur inscrit : azr (Email: azr@r.fr)] 
[2026-09-24 14:15:01] [INFO] [::1] [UtilisateurTest] [Nouvel utilisateur inscrit : UtilisateurTest (Email: Test@gmail.com)] 
[2026-09-24 14:25:53] [INFO] [::1] [Spiralyfox] [S'est connecté] 
[2026-09-24 14:28:43] [INFO] [::1] [Spiralyfox] [S'est déconnecté] 
[2026-09-24 14:30:36] [INFO] [::1] [Spiralyfox] [S'est connecté] 
[2026-09-24 14:30:44] [INFO] [::1] [Spiralyfox] [Modifie son profil] 
[2026-09-24 14:33:06] [INFO] [::1] [Spiralyfox] Publie un post : Test
[2026-09-24 14:35:26] [INFO] [::1] [Spiralyfox] Publie un post. ID : 3
[2026-09-24 14:46:12] [INFO] [::1] [1] A cessé de suivre : 5
[2026-09-24 14:46:13] [INFO] [::1] [1] S'est mis à suivre : 4
[2026-09-24 14:46:18] [INFO] [::1] [1] A cessé de suivre : 2
[2026-09-24 14:46:18] [INFO] [::1] [1] S'est mis à suivre : 6
