Bonjour
Bonjour
[2026-09-17 15:00:04] Bonjour
[2026-09-17 15:07:03][Meow] Bonjour
[2026-09-17 15:18:09][Meow] Bonjour
[2026-09-17 15:18:09][UNKNOWN] Bonjour
[2026-09-17 15:25:01][Meow] Miaouuuuuuu
[2026-09-17 15:25:01][Meow] EMPTY
[2026-09-17 15:25:02][Meow] Miaouuuuuuu
[2026-09-17 15:25:02][Meow] EMPTY
[2026-09-17 15:25:04][Meow] Miaouuuuuuu
[2026-09-17 15:25:04][Meow] EMPTY
[2026-09-17 15:29:06][UNKNOWN] EMPTY
[2026-09-17 15:29:06][Meow] EMPTY
[2026-09-17 15:29:06][Meow] Miaouuuuuuu
[2026-09-17 15:29:09][UNKNOWN] EMPTY
[2026-09-17 15:29:09][Meow] EMPTY
[2026-09-17 15:29:09][Meow] Miaouuuuuuu
[2026-09-17 15:43:32][UNKNOWN] EMPTY
[2026-09-17 15:43:32][Meow] EMPTY
[2026-09-17 15:43:32][Meow] Miaouuuuuuu
[2026-09-17 15:43:35][UNKNOWN] EMPTY
[2026-09-17 15:43:35][Meow] EMPTY
[2026-09-17 15:43:35][Meow] Miaouuuuuuu
[2026-09-17 15:43:40][UNKNOWN] EMPTY
[2026-09-17 15:43:40][Meow] EMPTY
[2026-09-17 15:43:40][Meow] Miaouuuuuuu
[2026-09-17 15:43:40][spiralyfox] meow
[2026-09-17 15:46:58][UNKNOWN] EMPTY
[2026-09-17 15:46:58][Meow] EMPTY
[2026-09-17 15:46:58][Meow] Miaouuuuuuu
[2026-09-17 15:46:58][egzeghzeh] 
[2026-09-17 15:49:34][UNKNOWN] EMPTY
[2026-09-17 15:49:34][Meow] EMPTY
[2026-09-17 15:49:34][Meow] Miaouuuuuuu
[2026-09-17 15:49:34][] az
